ps: stdin: not a terminal
[1/208] Building CXX object src/modules/fw_rate_control/CMakeFiles/modules__fw_rate_control.dir/FixedwingRateControl.cpp.obj
FAILED: [code=1] src/modules/fw_rate_control/CMakeFiles/modules__fw_rate_control.dir/FixedwingRateControl.cpp.obj 
/opt/homebrew/bin/ccache /opt/homebrew/bin/arm-none-eabi-g++ -DCONFIG_ARCH_BOARD_PX4_FMU_V6C -DMODULE_NAME=\"fw_rate_control\" -DPX4_MAIN=fw_rate_control_app_main -D_SYS_CDEFS_H_ -D_SYS_REENT_H_ -D__CUSTOM_FILE_IO__ -D__PX4_NUTTX -D__STDC_FORMAT_MACROS -I/Users/jiangjiashun/PX4/PX4-Autopilot-v6-fast-control-20260923/boards/px4/fmu-v6c/src -I/Users/jiangjiashun/PX4/PX4-Autopilot-v6-fast-control-20260923/platforms/nuttx/src/px4/common/include -I/Users/jiangjiashun/PX4/PX4-Autopilot-v6-fast-control-20260923/build/px4_fmu-v6c_default -I/Users/jiangjiashun/PX4/PX4-Autopilot-v6-fast-control-20260923/build/px4_fmu-v6c_default/src/lib -I/Users/jiangjiashun/PX4/PX4-Autopilot-v6-fast-control-20260923/platforms/nuttx/src/px4/stm/stm32h7/include -I/Users/jiangjiashun/PX4/PX4-Autopilot-v6-fast-control-20260923/platforms/common -I/Users/jiangjiashun/PX4/PX4-Autopilot-v6-fast-control-20260923/platforms/common/include -I/Users/jiangjiashun/PX4/PX4-Autopilot-v6-fast-control-20260923/src -I/Users/jiangjiashun/PX4/PX4-Autopilot-v6-fast-control-20260923/src/include -I/Users/jiangjiashun/PX4/PX4-Autopilot-v6-fast-control-20260923/src/lib -I/Users/jiangjiashun/PX4/PX4-Autopilot-v6-fast-control-20260923/src/lib/matrix -I/Users/jiangjiashun/PX4/PX4-Autopilot-v6-fast-control-20260923/src/modules -I/Users/jiangjiashun/PX4/PX4-Autopilot-v6-fast-control-20260923/platforms/nuttx/NuttX/nuttx/arch/arm/src/armv7-m -I/Users/jiangjiashun/PX4/PX4-Autopilot-v6-fast-control-20260923/platforms/nuttx/NuttX/nuttx/arch/arm/src/chip -I/Users/jiangjiashun/PX4/PX4-Autopilot-v6-fast-control-20260923/platforms/nuttx/NuttX/nuttx/arch/arm/src/common -I/Users/jiangjiashun/PX4/PX4-Autopilot-v6-fast-control-20260923/platforms/nuttx/NuttX/apps/include -I/Users/jiangjiashun/PX4/PX4-Autopilot-v6-fast-control-20260923/build/px4_fmu-v6c_default/external/Install/include -I/Users/jiangjiashun/PX4/PX4-Autopilot-v6-fast-control-20260923/src/lib/rate_control -I/Users/jiangjiashun/PX4/PX4-Autopilot-v6-fast-control-20260923/src/lib/slew_rate -isystem /Users/jiangjiashun/PX4/PX4-Autopilot-v6-fast-control-20260923/platforms/nuttx/NuttX/include/cxx -isystem /Users/jiangjiashun/PX4/PX4-Autopilot-v6-fast-control-20260923/platforms/nuttx/NuttX/nuttx/include/cxx -isystem /Users/jiangjiashun/PX4/PX4-Autopilot-v6-fast-control-20260923/platforms/nuttx/NuttX/nuttx/include -mcpu=cortex-m7 -mthumb -mfpu=fpv5-d16 -mfloat-abi=hard -Os -DNDEBUG -std=gnu++17 -g -fdata-sections -ffunction-sections -fomit-frame-pointer -fmerge-all-constants -fno-signed-zeros -fno-trapping-math -freciprocal-math -fno-math-errno -fno-strict-aliasing -fvisibility=hidden -include visibility.h -Wall -Wextra -Werror -Warray-bounds -Wcast-align -Wdisabled-optimization -Wdouble-promotion -Wfatal-errors -Wfloat-equal -Wformat-security -Winit-self -Wlogical-op -Wpointer-arith -Wshadow -Wuninitialized -Wunknown-pragmas -Wunused-variable -Wno-missing-field-initializers -Wno-missing-include-dirs -Wno-unused-parameter -fdiagnostics-color=always -Wno-stringop-truncation -fno-builtin-printf -fno-strength-reduce -Wformat=1 -Wunused-but-set-variable -Wno-format-truncation -fcheck-new -Wreorder -Wno-overloaded-virtual -fno-rtti -fno-exceptions -fno-sized-deallocation -fno-threadsafe-statics -nostdinc++ -Wframe-larger-than=2048 -MD -MT src/modules/fw_rate_control/CMakeFiles/modules__fw_rate_control.dir/FixedwingRateControl.cpp.obj -MF src/modules/fw_rate_control/CMakeFiles/modules__fw_rate_control.dir/FixedwingRateControl.cpp.obj.d -o src/modules/fw_rate_control/CMakeFiles/modules__fw_rate_control.dir/FixedwingRateControl.cpp.obj -c /Users/jiangjiashun/PX4/PX4-Autopilot-v6-fast-control-20260923/src/modules/fw_rate_control/FixedwingRateControl.cpp
In file included from /Users/jiangjiashun/PX4/PX4-Autopilot-v6-fast-control-20260923/src/modules/fw_rate_control/FixedwingRateControl.hpp:80,
                 from /Users/jiangjiashun/PX4/PX4-Autopilot-v6-fast-control-20260923/src/modules/fw_rate_control/FixedwingRateControl.cpp:34:
/Users/jiangjiashun/PX4/PX4-Autopilot-v6-fast-control-20260923/src/modules/fw_rate_control/FastControl.hpp: In member function 'FastControl::Decision FastControl::step(const Config&, uint64_t, float, bool, bool)':
/Users/jiangjiashun/PX4/PX4-Autopilot-v6-fast-control-20260923/src/modules/fw_rate_control/FastControl.hpp:92:41: error: comparing floating-point with '==' or '!=' is unsafe [-Werror=float-equal]
   92 |                 d.domain = d.model_gate == 0.f || d.live_gate == 0.f;
      |                            ~~~~~~~~~~~~~^~~~~~
compilation terminated due to -Wfatal-errors.
cc1plus: all warnings being treated as errors
[2/208] Building CXX object src/modules/gimbal/CMakeFiles/drivers__gimbal.dir/output_rc.cpp.obj
[3/208] Building CXX object src/modules/land_detector/CMakeFiles/modules__land_detector.dir/land_detector_main.cpp.obj
[4/208] Building CXX object src/modules/land_detector/CMakeFiles/modules__land_detector.dir/VtolLandDetector.cpp.obj
[5/208] Building CXX object src/modules/gimbal/CMakeFiles/drivers__gimbal.dir/output_mavlink.cpp.obj
[6/208] Building CXX object src/modules/gimbal/CMakeFiles/drivers__gimbal.dir/gimbal.cpp.obj
[7/208] Building CXX object src/modules/land_detector/CMakeFiles/modules__land_detector.dir/FixedwingLandDetector.cpp.obj
[8/208] Building CXX object src/modules/land_detector/CMakeFiles/modules__land_detector.dir/MulticopterLandDetector.cpp.obj
[9/208] Building CXX object src/modules/land_detector/CMakeFiles/modules__land_detector.dir/LandDetector.cpp.obj
[10/208] Building CXX object src/modules/gyro_calibration/CMakeFiles/modules__gyro_calibration.dir/GyroCalibration.cpp.obj
ninja: build stopped: subcommand failed.
make: *** [px4_fmu-v6c_default] Error 1
